ğŸ§ª Test started
ğŸ”§ calculate:
  ğŸ”¸ a: 10
  ğŸ”¸ b: 20
  ğŸ”¹ Returns: 30

ğŸ§ª Test ended
