ğŸ”§ IConstructorTestService constructor called with:
  ğŸ”¸ arg0: config
  ğŸ”¸ arg1: 42

ğŸ”§ testMethod:

