ğŸ”’ methodWithIgnoredArgument:
  ğŸ”¸ arg0: visible

