ğŸ“š processCollections:
  ğŸ”¸ list: item1,item2,item3
  ğŸ”¸ emptyList: 

