ğŸ”§ calculate:
  ğŸ”¸ a: 5
  ğŸ”¸ b: 10
  ğŸ”¹ Returns: 15

