📝 IConstructorWithNoteService constructor called with:
  🔸 connectionString: config
  🔸 port: 5432

