 ITestService constructor called with:
  ğŸ”¸ customName1: value1
  ğŸ”¸ customName2: value2

