ğŸ§ª calculate:
  ğŸ”¸ a: 5
  ğŸ”¸ b: 10
  ğŸ”¹ Returns: 15

ğŸ§ª processData:
  ğŸ”¸ input: test input

