 ManualMethod:
  🔸 firstParam: value1
  🔸 secondParam: value2
  🗒️ Manual logging test
  🔹 Returns: success

