 ITestService constructor called with:
  ğŸ”¸ arg1: param1
  ğŸ”¸ arg2: param2

