 TestMethod:
  ğŸ”¸ param1: test
  ğŸ”¹ Returns: result

