ğŸ”’ IConstructorWithIgnoreService constructor called with:
  ğŸ”¸ param1: public
  ğŸ”¸ param3: visible

