ğŸ§© complexMethod:
  ğŸ”¸ dict: {key=value}
  ğŸ”¸ nullValue: null
  ğŸ”¸ complexDate: 07/03/2024 12:02:11

