 FailedMethod:
  🔸 param: input
  🗒️ Exception: Something went wrong

