🔍 tryGetValue:
  🔸 key: input
  🔹 Returns: value_for_input

