🎯 IMultiInterfaceService constructor called with:

🎯 complexMethod:

