🔍 ISecondaryService constructor called with:

✅ IAmbiguousService constructor called with:

