ğŸ“¤ tryGetValue:
  ğŸ”¸ key: key
  ğŸ”¹ Returns: value_for_key

